// Vitest Snapshot v1

exports[`mountWithNoMocking > renders 1`] = `
<ul>
  <li>
    <div>
      Tom
    </div>
  </li>
  <li>
    <div>
      Alex
    </div>
  </li>
  <li>
    <div>
      Viki
    </div>
  </li>
</ul>
`;

exports[`mountWithNoMocking > renders 2`] = `
<ContactRow>
  <div>
    Tom
  </div>
</ContactRow>
`;
