// Vitest Snapshot v1

exports[`shallowWithMocking > renders 1`] = `<ul />`;
